[2026-05-21T18:33:41.988Z] Error: Acceso denegado — rol insuficiente
Error: Acceso denegado — rol insuficiente
    at <anonymous> (D:\2_ConIns\ConIns_Project\backend\middleware\auth.ts:50:13)
    at Layer.handleRequest (D:\2_ConIns\ConIns_Project\backend\node_modules\router\lib\layer.js:152:17)
    at next (D:\2_ConIns\ConIns_Project\backend\node_modules\router\lib\route.js:157:13)
    at Route.dispatch (D:\2_ConIns\ConIns_Project\backend\node_modules\router\lib\route.js:117:3)
    at handle (D:\2_ConIns\ConIns_Project\backend\node_modules\router\index.js:435:11)
    at Layer.handleRequest (D:\2_ConIns\ConIns_Project\backend\node_modules\router\lib\layer.js:152:17)
    at D:\2_ConIns\ConIns_Project\backend\node_modules\router\index.js:295:15
    at processParams (D:\2_ConIns\ConIns_Project\backend\node_modules\router\index.js:582:12)
    at next (D:\2_ConIns\ConIns_Project\backend\node_modules\router\index.js:291:5)
    at verifyToken (D:\2_ConIns\ConIns_Project\backend\middleware\auth.ts:39:5)
---
[2026-05-21T18:35:11.066Z] Error: Acceso denegado — rol insuficiente
Error: Acceso denegado — rol insuficiente
    at <anonymous> (D:\2_ConIns\ConIns_Project\backend\middleware\auth.ts:50:13)
    at Layer.handleRequest (D:\2_ConIns\ConIns_Project\backend\node_modules\router\lib\layer.js:152:17)
    at next (D:\2_ConIns\ConIns_Project\backend\node_modules\router\lib\route.js:157:13)
    at Route.dispatch (D:\2_ConIns\ConIns_Project\backend\node_modules\router\lib\route.js:117:3)
    at handle (D:\2_ConIns\ConIns_Project\backend\node_modules\router\index.js:435:11)
    at Layer.handleRequest (D:\2_ConIns\ConIns_Project\backend\node_modules\router\lib\layer.js:152:17)
    at D:\2_ConIns\ConIns_Project\backend\node_modules\router\index.js:295:15
    at processParams (D:\2_ConIns\ConIns_Project\backend\node_modules\router\index.js:582:12)
    at next (D:\2_ConIns\ConIns_Project\backend\node_modules\router\index.js:291:5)
    at verifyToken (D:\2_ConIns\ConIns_Project\backend\middleware\auth.ts:39:5)
---
[2026-05-26T00:25:00.794Z] Error: Token no proporcionado
Error: Token no proporcionado
    at verifyToken (D:\2_ConIns\ConIns_Project\backend\middleware\auth.ts:29:11)
    at Layer.handleRequest (D:\2_ConIns\ConIns_Project\backend\node_modules\router\lib\layer.js:152:17)
    at trimPrefix (D:\2_ConIns\ConIns_Project\backend\node_modules\router\index.js:342:13)
    at D:\2_ConIns\ConIns_Project\backend\node_modules\router\index.js:297:9
    at processParams (D:\2_ConIns\ConIns_Project\backend\node_modules\router\index.js:582:12)
    at next (D:\2_ConIns\ConIns_Project\backend\node_modules\router\index.js:291:5)
    at router.handle (D:\2_ConIns\ConIns_Project\backend\node_modules\router\index.js:186:3)
    at router (D:\2_ConIns\ConIns_Project\backend\node_modules\router\index.js:60:12)
    at Layer.handleRequest (D:\2_ConIns\ConIns_Project\backend\node_modules\router\lib\layer.js:152:17)
    at trimPrefix (D:\2_ConIns\ConIns_Project\backend\node_modules\router\index.js:342:13)
---
[2026-05-26T00:39:23.380Z] Error: Token invalido o expirado
Error: Token invalido o expirado
    at verifyToken (D:\2_ConIns\ConIns_Project\backend\middleware\auth.ts:41:11)
    at Layer.handleRequest (D:\2_ConIns\ConIns_Project\backend\node_modules\router\lib\layer.js:152:17)
    at trimPrefix (D:\2_ConIns\ConIns_Project\backend\node_modules\router\index.js:342:13)
    at D:\2_ConIns\ConIns_Project\backend\node_modules\router\index.js:297:9
    at processParams (D:\2_ConIns\ConIns_Project\backend\node_modules\router\index.js:582:12)
    at next (D:\2_ConIns\ConIns_Project\backend\node_modules\router\index.js:291:5)
    at router.handle (D:\2_ConIns\ConIns_Project\backend\node_modules\router\index.js:186:3)
    at router (D:\2_ConIns\ConIns_Project\backend\node_modules\router\index.js:60:12)
    at Layer.handleRequest (D:\2_ConIns\ConIns_Project\backend\node_modules\router\lib\layer.js:152:17)
    at trimPrefix (D:\2_ConIns\ConIns_Project\backend\node_modules\router\index.js:342:13)
---
[2026-05-26T00:39:23.387Z] Error: Token invalido o expirado
Error: Token invalido o expirado
    at verifyToken (D:\2_ConIns\ConIns_Project\backend\middleware\auth.ts:41:11)
    at Layer.handleRequest (D:\2_ConIns\ConIns_Project\backend\node_modules\router\lib\layer.js:152:17)
    at next (D:\2_ConIns\ConIns_Project\backend\node_modules\router\lib\route.js:157:13)
    at Route.dispatch (D:\2_ConIns\ConIns_Project\backend\node_modules\router\lib\route.js:117:3)
    at handle (D:\2_ConIns\ConIns_Project\backend\node_modules\router\index.js:435:11)
    at Layer.handleRequest (D:\2_ConIns\ConIns_Project\backend\node_modules\router\lib\layer.js:152:17)
    at D:\2_ConIns\ConIns_Project\backend\node_modules\router\index.js:295:15
    at processParams (D:\2_ConIns\ConIns_Project\backend\node_modules\router\index.js:582:12)
    at next (D:\2_ConIns\ConIns_Project\backend\node_modules\router\index.js:291:5)
    at router.handle (D:\2_ConIns\ConIns_Project\backend\node_modules\router\index.js:186:3)
---
